[mattandmallory.com/index.html]
[backblue.gif]
[fade.gif]
[index.html]
[mattandmallory.com/css/bootstrap.min.css]
[mattandmallory.com/css/style.css]
[use.typekit.net/zmb7mbs.js]
[mattandmallory.com/js/modernizr.js]
[mattandmallory.com/images/favicon.ico]
[s3.amazonaws.com/onepagelove/one-page-love-award-right.png]
[mattandmallory.com/images/engagement2.jpg]
[mattandmallory.com/images/marker1@2x.png]
[mattandmallory.com/images/marker2@2x.png]
[mattandmallory.com/images/engagement4.jpg]
[mattandmallory.com/images/engagement3.jpg]
[code.jquery.com/jquery-latest.min.js]
[mattandmallory.com/js/script.js]
[mattandmallory.com/js/lodging_gmaps.js]
[mattandmallory.com/js/jquery.lettering.js]
[mattandmallory.com/js/circletype.min.js]
[mattandmallory.com/index.html]
[mattandmallory.com/css/bootstrap.min.css]
[mattandmallory.com/fonts/yellowtail-regular-webfont.eot]
[mattandmallory.com/fonts/yellowtail-regular-webfontd41d.eot]
[mattandmallory.com/fonts/yellowtail-regular-webfont.woff]
[mattandmallory.com/fonts/liberator-webfont.eot]
[mattandmallory.com/fonts/liberator-webfontd41d.eot]
[mattandmallory.com/fonts/liberator-webfont.woff]
[mattandmallory.com/images/engagement1.jpg]
[mattandmallory.com/images/lightpaperfibers.jpg]
[mattandmallory.com/images/greenpaper.jpg]
[mattandmallory.com/images/greypaper.jpg]
[mattandmallory.com/images/ClockIcon-@2x.png]
[mattandmallory.com/images/MapIcon-@2x.png]
[mattandmallory.com/images/groovepaper.jpg]
[mattandmallory.com/images/radio-off.png]
[mattandmallory.com/images/radio-on.png]
[mattandmallory.com/images/engagement1_mobile.jpg]
[mattandmallory.com/images/lightpaperfibers_@2X.jpg]
[mattandmallory.com/images/greenpaper_@2X.jpg]
[mattandmallory.com/images/greypaper_@2X.jpg]
[mattandmallory.com/images/groovepaper_@2X.jpg]
[mattandmallory.com/css/style.css]
[mattandmallory.com/images/aq-addhome30f4.html]
[mattandmallory.com/nominee-new-white-black-right.svg]
[mattandmallory.com/images/m+m_logo.svg]
[mattandmallory.com/images/banners/bride-groom.svg]
[mattandmallory.com/images/banners/wedding-party.svg]
[mattandmallory.com/images/banners/when-where.svg]
[mattandmallory.com/images/roundhouse.svg]
[mattandmallory.com/images/banners/lodging.svg]
[mattandmallory.com/images/banners/registries.svg]
[mattandmallory.com/images/target_logo.svg]
[mattandmallory.com/images/anthro_logo_2.svg]
[mattandmallory.com/images/banners/rsvp.svg]
[mattandmallory.com/fonts/yellowtail-regular-webfont.html]
[mattandmallory.com/fonts/yellowtail-regular-webfont-2.html]
[mattandmallory.com/fonts/yellowtail-regular-webfont.svg]
[mattandmallory.com/fonts/liberator-webfont.html]
[mattandmallory.com/fonts/liberator-webfont-2.html]
[mattandmallory.com/fonts/liberator-webfont.svg]
